[matchthemes.com/demohtml/caverta/index.html]
[backblue.gif]
[fade.gif]
[index.html]
[matchthemes.com/demohtml/caverta/css/bootstrap/css/bootstrap.min.css]
[matchthemes.com/demohtml/caverta/css/fontawesome/css/font-awesome.min.css]
[matchthemes.com/demohtml/caverta/js/owl-carousel/owl.carousel.min.css]
[matchthemes.com/demohtml/caverta/style.css]
[matchthemes.com/demohtml/caverta/images/icons/favicon-32x32.png]
[matchthemes.com/demohtml/caverta/images/icons/favicon-192x192.png]
[matchthemes.com/demohtml/caverta/images/icons/favicon-180x180.png]
[matchthemes.com/demohtml/caverta/home-2.html]
[matchthemes.com/demohtml/caverta/home-3.html]
[matchthemes.com/demohtml/caverta/home-4.html]
[matchthemes.com/demohtml/caverta/home-video.html]
[matchthemes.com/demohtml/caverta/home-6.html]
[matchthemes.com/demohtml/caverta/home-7.html]
[matchthemes.com/demohtml/caverta/header-2.html]
[matchthemes.com/demohtml/caverta/header-3.html]
[matchthemes.com/demohtml/caverta/header-4.html]
[matchthemes.com/demohtml/caverta/header-5.html]
[matchthemes.com/demohtml/caverta/menu-2-cols.html]
[matchthemes.com/demohtml/caverta/menu-1-col.html]
[matchthemes.com/demohtml/caverta/menu-3-cols.html]
[matchthemes.com/demohtml/caverta/menu-accordion.html]
[matchthemes.com/demohtml/caverta/menu-5.html]
[matchthemes.com/demohtml/caverta/menu-6.html]
[matchthemes.com/demohtml/caverta/menu-7.html]
[matchthemes.com/demohtml/caverta/menu-8.html]
[matchthemes.com/demohtml/caverta/menu-9.html]
[matchthemes.com/demohtml/caverta/about-me.html]
[matchthemes.com/demohtml/caverta/about-us.html]
[matchthemes.com/demohtml/caverta/pricing.html]
[matchthemes.com/demohtml/caverta/faq.html]
[matchthemes.com/demohtml/caverta/reservation.html]
[matchthemes.com/demohtml/caverta/blog.html]
[matchthemes.com/demohtml/caverta/blog-classic.html]
[matchthemes.com/demohtml/caverta/blog-grid-2-cols.html]
[matchthemes.com/demohtml/caverta/blog-grid-3-cols.html]
[matchthemes.com/demohtml/caverta/blog-single-post.html]
[matchthemes.com/demohtml/caverta/team.html]
[matchthemes.com/demohtml/caverta/team-2-cols.html]
[matchthemes.com/demohtml/caverta/team-3-cols.html]
[matchthemes.com/demohtml/caverta/gallery-4-cols.html]
[matchthemes.com/demohtml/caverta/gallery-3-cols.html]
[matchthemes.com/demohtml/caverta/gallery-3-cols-full-screen.html]
[matchthemes.com/demohtml/caverta/gallery-4-cols-full-screen.html]
[matchthemes.com/demohtml/caverta/images/caverta-logo.png]
[matchthemes.com/demohtml/caverta/images/home/welcome-1.jpg]
[matchthemes.com/demohtml/caverta/images/home/welcome-2.jpg]
[matchthemes.com/demohtml/caverta/images/home/home-team-1.jpg]
[matchthemes.com/demohtml/caverta/images/home/home-team-2.jpg]
[matchthemes.com/demohtml/caverta/images/caverta-logo2.png]
[matchthemes.com/cdn-cgi/scripts/5c5dd728/cloudflare-static/email-decode.min.js]
[matchthemes.com/demohtml/caverta/js/jquery.js]
[matchthemes.com/demohtml/caverta/js/jquery-migrate.min.js]
[matchthemes.com/demohtml/caverta/css/bootstrap/js/popper.min.js]
[matchthemes.com/demohtml/caverta/css/bootstrap/js/bootstrap.min.js]
[matchthemes.com/demohtml/caverta/js/jquery.easing.min.js]
[matchthemes.com/demohtml/caverta/js/jquery.fitvids.js]
[matchthemes.com/demohtml/caverta/js/owl-carousel/owl.carousel.min.js]
[matchthemes.com/demohtml/caverta/js/jquery.magnific-popup.min.js]
[matchthemes.com/demohtml/caverta/js/init.js]
[matchthemes.com/demohtml/caverta/js/jquery.form.min.js]
[matchthemes.com/demohtml/caverta/js/contactform-home.js]
[matchthemes.com/demohtml/caverta/index.html]
[matchthemes.com/demohtml/caverta/css/bootstrap/css/bootstrap.min.css]
[matchthemes.com/demohtml/caverta/css/fontawesome/webfonts/fa-brands-400.eot]
[matchthemes.com/demohtml/caverta/css/fontawesome/webfonts/fa-brands-400d41d.eot]
[matchthemes.com/demohtml/caverta/css/fontawesome/webfonts/fa-brands-400.woff2]
[matchthemes.com/demohtml/caverta/css/fontawesome/webfonts/fa-brands-400.woff]
[matchthemes.com/demohtml/caverta/css/fontawesome/webfonts/fa-brands-400.ttf]
[matchthemes.com/demohtml/caverta/css/fontawesome/webfonts/fa-brands-400.svg]
[matchthemes.com/demohtml/caverta/css/fontawesome/webfonts/fa-regular-400.eot]
[matchthemes.com/demohtml/caverta/css/fontawesome/webfonts/fa-regular-400d41d.eot]
[matchthemes.com/demohtml/caverta/css/fontawesome/webfonts/fa-regular-400.woff2]
[matchthemes.com/demohtml/caverta/css/fontawesome/webfonts/fa-regular-400.woff]
[matchthemes.com/demohtml/caverta/css/fontawesome/webfonts/fa-regular-400.ttf]
[matchthemes.com/demohtml/caverta/css/fontawesome/webfonts/fa-regular-400.svg]
[matchthemes.com/demohtml/caverta/css/fontawesome/webfonts/fa-solid-900.eot]
[matchthemes.com/demohtml/caverta/css/fontawesome/webfonts/fa-solid-900d41d.eot]
[matchthemes.com/demohtml/caverta/css/fontawesome/webfonts/fa-solid-900.woff2]
[matchthemes.com/demohtml/caverta/css/fontawesome/webfonts/fa-solid-900.woff]
[matchthemes.com/demohtml/caverta/css/fontawesome/webfonts/fa-solid-900.ttf]
[matchthemes.com/demohtml/caverta/css/fontawesome/css/font-awesome.min.css]
[matchthemes.com/demohtml/caverta/css/fontawesome/webfonts/fa-solid-900.svg]
[matchthemes.com/demohtml/caverta/js/owl-carousel/owl.video.play.png]
[matchthemes.com/demohtml/caverta/js/owl-carousel/owl.carousel.min.css]
[matchthemes.com/demohtml/caverta/images/home/parallax-bkg1.jpg]
[matchthemes.com/demohtml/caverta/images/home/parallax-2.jpg]
[matchthemes.com/demohtml/caverta/images/home/parallax-3.jpg]
[matchthemes.com/demohtml/caverta/images/pages-top/reservation-page.jpg]
[matchthemes.com/demohtml/caverta/images/pages-top/slider-2.jpg]
[matchthemes.com/demohtml/caverta/images/pages-top/slider-3.jpg]
[matchthemes.com/demohtml/caverta/images/pages-top/menu-img.jpg]
[matchthemes.com/demohtml/caverta/images/pages-top/blog-img.jpg]
[matchthemes.com/demohtml/caverta/images/pages-top/team-page.jpg]
[matchthemes.com/demohtml/caverta/images/blog/blog9.jpg]
[matchthemes.com/demohtml/caverta/images/blog/blog2.jpg]
[matchthemes.com/demohtml/caverta/images/blog/blog4.jpg]
[matchthemes.com/demohtml/caverta/images/blog/gal-12.jpg]
[matchthemes.com/demohtml/caverta/images/blog/blog7.jpg]
[matchthemes.com/demohtml/caverta/images/blog/blog8.jpg]
[matchthemes.com/demohtml/caverta/images/blog/blog5.jpg]
[matchthemes.com/demohtml/caverta/images/blog/blog6.jpg]
[matchthemes.com/demohtml/caverta/images/blog/blog11.jpg]
[matchthemes.com/demohtml/caverta/images/blog/blog3.jpg]
[matchthemes.com/demohtml/caverta/images/blog/gal-10.jpg]
[matchthemes.com/demohtml/caverta/images/blog/gal-11.jpg]
[matchthemes.com/demohtml/caverta/images/home/small-img3.jpg]
[matchthemes.com/demohtml/caverta/images/home/small-img2.jpg]
[matchthemes.com/demohtml/caverta/images/home/small-img1.jpg]
[matchthemes.com/demohtml/caverta/style.css]
[matchthemes.com/demohtml/caverta/images/home/icon-2.png]
[matchthemes.com/demohtml/caverta/images/home/icon-3.png]
[matchthemes.com/demohtml/caverta/images/home/icon-4.png]
[matchthemes.com/demohtml/caverta/images/home/icon-1.png]
[matchthemes.com/demohtml/caverta/images/home/home7.jpg]
[matchthemes.com/demohtml/caverta/images/home/home3.jpg]
[matchthemes.com/demohtml/caverta/images/home/home-5.jpg]
[matchthemes.com/demohtml/caverta/home-2.html]
[matchthemes.com/demohtml/caverta/images/home/home4.jpg]
[matchthemes.com/demohtml/caverta/images/home/home-6.jpg]
[matchthemes.com/demohtml/caverta/home-3.html]
[matchthemes.com/demohtml/caverta/home-4.html]
[matchthemes.com/demowp/caverta/wp-content/uploads/caverta-video-img.jpg]
[matchthemes.com/demohtml/caverta/home-video.html]
[matchthemes.com/demohtml/caverta/images/home/img-home-6.jpg]
[matchthemes.com/demohtml/caverta/home-6.html]
[matchthemes.com/demohtml/caverta/images/menu/menu-1col-1.jpg]
[matchthemes.com/demohtml/caverta/images/menu/food-1.jpg]
[matchthemes.com/demohtml/caverta/images/menu/food-2.jpg]
[matchthemes.com/demohtml/caverta/images/menu/food-3.jpg]
[matchthemes.com/demohtml/caverta/images/menu/food-5.jpg]
[matchthemes.com/demohtml/caverta/images/menu/food-6.jpg]
[matchthemes.com/demohtml/caverta/images/menu/food-7.jpg]
[matchthemes.com/demohtml/caverta/images/menu/food-9.jpg]
[matchthemes.com/demohtml/caverta/images/menu/food-10.jpg]
[matchthemes.com/demohtml/caverta/images/menu/food-11.jpg]
[matchthemes.com/demohtml/caverta/images/team/team-1.jpg]
[matchthemes.com/demohtml/caverta/images/team/team-2.jpg]
[matchthemes.com/demohtml/caverta/images/team/team-3.jpg]
[matchthemes.com/demohtml/caverta/home-7.html]
[matchthemes.com/demohtml/caverta/header-2.html]
[matchthemes.com/demohtml/caverta/header-3.html]
[matchthemes.com/demohtml/caverta/header-4.html]
[matchthemes.com/demohtml/caverta/header-5.html]
[matchthemes.com/demohtml/caverta/menu-2-cols.html]
[matchthemes.com/demohtml/caverta/images/menu/menu-1col-2.jpg]
[matchthemes.com/demohtml/caverta/images/menu/menu-1col-3.jpg]
[matchthemes.com/demohtml/caverta/images/menu/menu-1col-4.jpg]
[matchthemes.com/demohtml/caverta/menu-1-col.html]
[matchthemes.com/demohtml/caverta/menu-3-cols.html]
[matchthemes.com/demohtml/caverta/menu-accordion.html]
[matchthemes.com/demohtml/caverta/menu-5.html]
[matchthemes.com/demohtml/caverta/images/menu/food-4.jpg]
[matchthemes.com/demohtml/caverta/images/menu/food-8.jpg]
[matchthemes.com/demohtml/caverta/images/menu/food-12.jpg]
[matchthemes.com/demohtml/caverta/images/menu/food-13.jpg]
[matchthemes.com/demohtml/caverta/images/menu/food-14.jpg]
[matchthemes.com/demohtml/caverta/images/menu/food-15.jpg]
[matchthemes.com/demohtml/caverta/menu-6.html]
[matchthemes.com/demohtml/caverta/menu-7.html]
[matchthemes.com/demohtml/caverta/menu-8.html]
[matchthemes.com/demohtml/caverta/menu-9.html]
[matchthemes.com/demohtml/caverta/about-me.html]
[matchthemes.com/demohtml/caverta/images/team/team-4.jpg]
[matchthemes.com/demohtml/caverta/about-us.html]
[matchthemes.com/demohtml/caverta/pricing.html]
[matchthemes.com/demohtml/caverta/faq.html]
[matchthemes.com/demohtml/caverta/js/reservationform.js]
[matchthemes.com/demohtml/caverta/reservation.html]
[matchthemes.com/demohtml/caverta/blog.html]
[matchthemes.com/demohtml/caverta/blog-classic.html]
[matchthemes.com/demohtml/caverta/blog-grid-2-cols.html]
[matchthemes.com/demohtml/caverta/blog-grid-3-cols.html]
[matchthemes.com/demohtml/caverta/images/gravatar.jpg]
[matchthemes.com/demohtml/caverta/blog-single-post.html]
[matchthemes.com/demohtml/caverta/team.html]
[matchthemes.com/demohtml/caverta/team-2-cols.html]
[matchthemes.com/demohtml/caverta/team-3-cols.html]
[matchthemes.com/demohtml/caverta/gallery-4-cols.html]
[matchthemes.com/demohtml/caverta/gallery-3-cols.html]
[matchthemes.com/demohtml/caverta/gallery-3-cols-full-screen.html]
[matchthemes.com/demohtml/caverta/gallery-4-cols-full-screen.html]
[matchthemes.com/demohtml/caverta/js/jquery.js]
[matchthemes.com/demohtml/caverta/js/jquery-migrate.min.js]
[matchthemes.com/demohtml/caverta/css/bootstrap/js/popper.min.js]
[matchthemes.com/demohtml/caverta/popper.90.delayed]
[matchthemes.com/demohtml/caverta/css/bootstrap/js/bootstrap.min.js]
[matchthemes.com/demohtml/caverta/js/jquery.easing.min.js]
[matchthemes.com/demohtml/caverta/js/jquery.fitvids.js]
[matchthemes.com/demohtml/caverta/js/owl-carousel/owl.carousel.min.js]
[matchthemes.com/demohtml/caverta/js/jquery.magnific-popup.min.js]
[matchthemes.com/demohtml/caverta/js/init.js]
[matchthemes.com/demohtml/caverta/js/jquery.form.min.js]
[matchthemes.com/demohtml/caverta/js/contactform-home.js]
[matchthemes.com/demohtml/caverta/css/fontawesome/webfonts/fa-brands-400.svg]
[matchthemes.com/demohtml/caverta/css/fontawesome/webfonts/fa-regular-400.svg]
[matchthemes.com/demohtml/caverta/css/fontawesome/webfonts/fa-solid-900.svg]
[matchthemes.com/demohtml/caverta/js/owl-carousel/owl.video.play.html]
[matchthemes.com/demohtml/caverta/js/reservationform.js]
[matchthemes.com/demohtml/caverta/popper.html]
[matchthemes.com/demohtml/caverta/contact.html]
[matchthemes.com/demohtml/caverta/contact-2.html]
[matchthemes.com/demohtml/caverta/images/pages-top/contact-us.html]
